// Jest Snapshot v1, https://goo.gl/fbAQLP

exports[`Button should render Button correctly 1`] = `
<View
  style={
    Object {
      "marginHorizontal": 37.5,
    }
  }
>
  <View
    accessible={true}
    collapsable={false}
    focusable={false}
    onClick={[Function]}
    onResponderGrant={[Function]}
    onResponderMove={[Function]}
    onResponderRelease={[Function]}
    onResponderTerminate={[Function]}
    onResponderTerminationRequest={[Function]}
    onStartShouldSetResponder={[Function]}
    style={
      Object {
        "alignItems": "center",
        "backgroundColor": "#0E6E96",
        "borderRadius": 10,
        "height": 93.5,
        "justifyContent": "center",
        "opacity": 1,
        "width": "100%",
      }
    }
  >
    <Text
      style={
        Object {
          "color": "#ffffff",
          "fontSize": 40,
          "paddingVertical": 6.5,
        }
      }
    />
  </View>
</View>
`;
