// Jest Snapshot v1, https://goo.gl/fbAQLP

exports[`Header should render Header correctly 1`] = `
<View
  style={
    Object {
      "alignItems": "center",
      "borderBottomColor": "#CCCCCC",
      "borderBottomWidth": 2.5,
      "flexDirection": "row",
      "height": 200,
      "justifyContent": "space-between",
      "width": 750,
    }
  }
>
  <View
    style={
      Object {
        "marginLeft": 300,
      }
    }
  >
    <Image
      resizeMode="contain"
      source={
        Object {
          "testUri": "../../../assets/Logo.png",
        }
      }
      style={
        Object {
          "height": 200,
          "width": 112.5,
        }
      }
    />
  </View>
</View>
`;
